
> vaultify@0.0.0 build
> tsc && vite build

[36mvite v5.4.21 [32mbuilding for production...[36m[39m
transforming...
[baseline-browser-mapping] The data in this module is over two months old.  To ensure accurate Baseline data, please update: `npm i baseline-browser-mapping@latest -D`
[32m✓[39m 4 modules transformed.
[31mx[39m Build failed in 1.16s
[31merror during build:
[31m[vite:css] [postcss] C:/Projects/vaultify/src/index.css:3:1: The `border-border` class does not exist. If `border-border` is a custom class, make sure it is defined within a `@layer` directive.[31m
file: [36mC:/Projects/vaultify/src/index.css:3:0[31m
    at Input.error (C:\Projects\vaultify\node_modules\postcss\lib\input.js:135:16)
    at AtRule.error (C:\Projects\vaultify\node_modules\postcss\lib\node.js:146:32)
    at processApply (C:\Projects\vaultify\node_modules\tailwindcss\lib\lib\expandApplyAtRules.js:380:29)
    at C:\Projects\vaultify\node_modules\tailwindcss\lib\lib\expandApplyAtRules.js:551:9
    at C:\Projects\vaultify\node_modules\tailwindcss\lib\processTailwindFeatures.js:55:50
    at async plugins (C:\Projects\vaultify\node_modules\tailwindcss\lib\plugin.js:38:17)
    at async LazyResult.runAsync (C:\Projects\vaultify\node_modules\postcss\lib\lazy-result.js:293:11)
    at async compileCSS (file:///C:/Projects/vaultify/node_modules/vite/dist/node/chunks/dep-BK3b2jBa.js:36898:21)
    at async Object.transform (file:///C:/Projects/vaultify/node_modules/vite/dist/node/chunks/dep-BK3b2jBa.js:36171:11)
    at async transform (file:///C:/Projects/vaultify/node_modules/rollup/dist/es/shared/node-entry.js:21149:16)[39m
